[1.536s] Invoking command in '/home/osj/ros2_ws/src/my_vehicle_gazebo': PYTHONPATH=/home/osj/ros2_ws/build/my_vehicle_gazebo/prefix_override:/usr/lib/python3/dist-packages/colcon_core/task/python/colcon_distutils_commands:/home/osj/ros2_ws/install/my_vehicle_gazebo/lib/python3.14/site-packages:${PYTHONPATH} /usr/bin/python3 -W ignore:setup.py install is deprecated -W ignore:easy_install command is deprecated setup.py egg_info --egg-base ../../build/my_vehicle_gazebo build --build-base /home/osj/ros2_ws/build/my_vehicle_gazebo/build install --record /home/osj/ros2_ws/build/my_vehicle_gazebo/install.log --install-scripts $base/lib/my_vehicle_gazebo --single-version-externally-managed install_data
[1.772s] /usr/lib/python3/dist-packages/setuptools/_distutils/dist.py:289: UserWarning: Unknown distribution option: 'tests_require'
[1.772s]   warnings.warn(msg)
[1.916s] running egg_info
[1.946s] writing ../../build/my_vehicle_gazebo/my_vehicle_gazebo.egg-info/PKG-INFO
[1.947s] writing dependency_links to ../../build/my_vehicle_gazebo/my_vehicle_gazebo.egg-info/dependency_links.txt
[1.947s] writing requirements to ../../build/my_vehicle_gazebo/my_vehicle_gazebo.egg-info/requires.txt
[1.947s] writing top-level names to ../../build/my_vehicle_gazebo/my_vehicle_gazebo.egg-info/top_level.txt
[2.005s] reading manifest file '../../build/my_vehicle_gazebo/my_vehicle_gazebo.egg-info/SOURCES.txt'
[2.007s] writing manifest file '../../build/my_vehicle_gazebo/my_vehicle_gazebo.egg-info/SOURCES.txt'
[2.007s] running build
[2.007s] running build_py
[2.007s] copying my_vehicle_gazebo/__init__.py -> /home/osj/ros2_ws/build/my_vehicle_gazebo/build/lib/my_vehicle_gazebo
[2.008s] copying my_vehicle_gazebo/py.typed -> /home/osj/ros2_ws/build/my_vehicle_gazebo/build/lib/my_vehicle_gazebo
[2.008s] running install
[2.013s] running install_lib
[2.042s] running install_data
[2.043s] copying resource/my_vehicle_gazebo -> /home/osj/ros2_ws/install/my_vehicle_gazebo/share/ament_index/resource_index/packages
[2.043s] copying package.xml -> /home/osj/ros2_ws/install/my_vehicle_gazebo/share/my_vehicle_gazebo
[2.043s] copying launch/spawn_car.launch.py -> /home/osj/ros2_ws/install/my_vehicle_gazebo/share/my_vehicle_gazebo/launch
[2.044s] copying worlds/car_track.sdf -> /home/osj/ros2_ws/install/my_vehicle_gazebo/share/my_vehicle_gazebo/worlds
[2.044s] copying config/bridge.yaml -> /home/osj/ros2_ws/install/my_vehicle_gazebo/share/my_vehicle_gazebo/config
[2.044s] copying urdf/wheel_macro.xacro -> /home/osj/ros2_ws/install/my_vehicle_gazebo/share/my_vehicle_gazebo/urdf
[2.045s] copying urdf/vehicle.urdf.xacro -> /home/osj/ros2_ws/install/my_vehicle_gazebo/share/my_vehicle_gazebo/urdf
[2.045s] running install_egg_info
[2.065s] removing '/home/osj/ros2_ws/install/my_vehicle_gazebo/lib/python3.14/site-packages/my_vehicle_gazebo-0.1.0-py3.14.egg-info' (and everything under it)
[2.066s] Copying ../../build/my_vehicle_gazebo/my_vehicle_gazebo.egg-info to /home/osj/ros2_ws/install/my_vehicle_gazebo/lib/python3.14/site-packages/my_vehicle_gazebo-0.1.0-py3.14.egg-info
[2.068s] running install_scripts
[2.196s] writing list of installed files to '/home/osj/ros2_ws/build/my_vehicle_gazebo/install.log'
[2.259s] Invoked command in '/home/osj/ros2_ws/src/my_vehicle_gazebo' returned '0': PYTHONPATH=/home/osj/ros2_ws/build/my_vehicle_gazebo/prefix_override:/usr/lib/python3/dist-packages/colcon_core/task/python/colcon_distutils_commands:/home/osj/ros2_ws/install/my_vehicle_gazebo/lib/python3.14/site-packages:${PYTHONPATH} /usr/bin/python3 -W ignore:setup.py install is deprecated -W ignore:easy_install command is deprecated setup.py egg_info --egg-base ../../build/my_vehicle_gazebo build --build-base /home/osj/ros2_ws/build/my_vehicle_gazebo/build install --record /home/osj/ros2_ws/build/my_vehicle_gazebo/install.log --install-scripts $base/lib/my_vehicle_gazebo --single-version-externally-managed install_data
