/usr/lib/python3/dist-packages/setuptools/_distutils/dist.py:289: UserWarning: Unknown distribution option: 'tests_require'
  warnings.warn(msg)
running egg_info
writing ../../build/my_vehicle_description/my_vehicle_description.egg-info/PKG-INFO
writing dependency_links to ../../build/my_vehicle_description/my_vehicle_description.egg-info/dependency_links.txt
writing requirements to ../../build/my_vehicle_description/my_vehicle_description.egg-info/requires.txt
writing top-level names to ../../build/my_vehicle_description/my_vehicle_description.egg-info/top_level.txt
reading manifest file '../../build/my_vehicle_description/my_vehicle_description.egg-info/SOURCES.txt'
writing manifest file '../../build/my_vehicle_description/my_vehicle_description.egg-info/SOURCES.txt'
running build
running install
running install_data
copying package.xml -> /home/osj/ros2_ws/install/my_vehicle_description/share/my_vehicle_description
copying launch/display.launch.py -> /home/osj/ros2_ws/install/my_vehicle_description/share/my_vehicle_description/launch
copying urdf/wheel_macro.xacro -> /home/osj/ros2_ws/install/my_vehicle_description/share/my_vehicle_description/urdf
copying urdf/vehicle.urdf.xacro -> /home/osj/ros2_ws/install/my_vehicle_description/share/my_vehicle_description/urdf
running install_egg_info
removing '/home/osj/ros2_ws/install/my_vehicle_description/lib/python3.14/site-packages/my_vehicle_description-0.1.0-py3.14.egg-info' (and everything under it)
Copying ../../build/my_vehicle_description/my_vehicle_description.egg-info to /home/osj/ros2_ws/install/my_vehicle_description/lib/python3.14/site-packages/my_vehicle_description-0.1.0-py3.14.egg-info
running install_scripts
writing list of installed files to '/home/osj/ros2_ws/build/my_vehicle_description/install.log'
