[-1790053903356768768.000s] DEBUG:colcon:Command line arguments: ['/usr/bin/colcon', 'build']
[-1790053903356768768.000s] DEBUG:colcon:Parsed command line arguments: Namespace(log_base=None, log_level=None, verb_name='build', build_base='build', install_base='install', merge_install=False, symlink_install=False, test_result_base=None, continue_on_error=False, executor='parallel', parallel_workers=12, event_handlers=None, ignore_user_meta=False, metas=['./colcon.meta'], base_paths=['.'], packages_ignore=None, packages_ignore_regex=None, paths=None, packages_up_to=None, packages_up_to_regex=None, packages_above=None, packages_above_and_dependencies=None, packages_above_depth=None, packages_select_by_dep=None, packages_skip_by_dep=None, packages_skip_up_to=None, packages_select_build_failed=False, packages_skip_build_finished=False, packages_select_test_failures=False, packages_skip_test_passed=False, packages_select=None, packages_skip=None, packages_select_regex=None, packages_skip_regex=None, packages_start=None, packages_end=None, cmake_args=None, cmake_target=None, cmake_target_skip_unavailable=False, cmake_clean_cache=False, cmake_clean_first=False, cmake_force_configure=False, ament_cmake_args=None, catkin_cmake_args=None, catkin_skip_building_tests=False, verb_parser=<colcon_defaults.argument_parser.defaults.DefaultArgumentsDecorator object at 0x77f6de7356d0>, verb_extension=<colcon_core.verb.build.BuildVerb object at 0x77f6de7516a0>, main=<bound method BuildVerb.main of <colcon_core.verb.build.BuildVerb object at 0x77f6de7516a0>>)
[-1790053903356768768.000s] Level 1:colcon.colcon_core.package_discovery:discover_packages(colcon_meta) check parameters
[-1790053903356768768.000s] Level 1:colcon.colcon_core.package_discovery:discover_packages(recursive) check parameters
[-1790053903356768768.000s] Level 1:colcon.colcon_core.package_discovery:discover_packages(ignore) check parameters
[-1790053903356768768.000s] Level 1:colcon.colcon_core.package_discovery:discover_packages(path) check parameters
[-1790053903356768768.000s] Level 1:colcon.colcon_core.package_discovery:discover_packages(colcon_meta) discover
[-1790053903356768768.000s] Level 1:colcon.colcon_core.package_discovery:discover_packages(recursive) discover
[-1790053903356768768.000s] INFO:colcon.colcon_core.package_discovery:Crawling recursively for packages in '/home/osj/ros2_ws'
[-1790053903356768768.000s] Level 1:colcon.colcon_core.package_identification:_identify(.) by extensions ['ignore', 'ignore_ament_install']
[-1790053903356768768.000s] Level 1:colcon.colcon_core.package_identification:_identify(.) by extension 'ignore'
[-1790053903356768768.000s] Level 1:colcon.colcon_core.package_identification:_identify(.) by extension 'ignore_ament_install'
[-1790053903356768768.000s] Level 1:colcon.colcon_core.package_identification:_identify(.) by extensions ['colcon_pkg']
[-1790053903356768768.000s] Level 1:colcon.colcon_core.package_identification:_identify(.) by extension 'colcon_pkg'
[-1790053903356768768.000s] Level 1:colcon.colcon_core.package_identification:_identify(.) by extensions ['colcon_meta']
[-1790053903356768768.000s] Level 1:colcon.colcon_core.package_identification:_identify(.) by extension 'colcon_meta'
[-1790053903356768768.000s] Level 1:colcon.colcon_core.package_identification:_identify(.) by extensions ['ros']
[-1790053903356768768.000s] Level 1:colcon.colcon_core.package_identification:_identify(.) by extension 'ros'
[-1790053903356768768.000s] Level 1:colcon.colcon_core.package_identification:_identify(.) by extensions ['cmake', 'python']
[-1790053903356768768.000s] Level 1:colcon.colcon_core.package_identification:_identify(.) by extension 'cmake'
[-1790053903356768768.000s] Level 1:colcon.colcon_core.package_identification:_identify(.) by extension 'python'
[-1790053903356768768.000s] Level 1:colcon.colcon_core.package_identification:_identify(.) by extensions ['python_setup_py']
[-1790053903356768768.000s] Level 1:colcon.colcon_core.package_identification:_identify(.) by extension 'python_setup_py'
[-1790053903356768768.000s] Level 1:colcon.colcon_core.package_identification:_identify(build) by extensions ['ignore', 'ignore_ament_install']
[-1790053903356768768.000s] Level 1:colcon.colcon_core.package_identification:_identify(build) by extension 'ignore'
[-1790053903356768768.000s] Level 1:colcon.colcon_core.package_identification:_identify(build) ignored
[-1790053903356768768.000s] Level 1:colcon.colcon_core.package_identification:_identify(install) by extensions ['ignore', 'ignore_ament_install']
[-1790053903356768768.000s] Level 1:colcon.colcon_core.package_identification:_identify(install) by extension 'ignore'
[-1790053903356768768.000s] Level 1:colcon.colcon_core.package_identification:_identify(install) ignored
[-1790053903356768768.000s] Level 1:colcon.colcon_core.package_identification:_identify(log) by extensions ['ignore', 'ignore_ament_install']
[-1790053903356768768.000s] Level 1:colcon.colcon_core.package_identification:_identify(log) by extension 'ignore'
[-1790053903356768768.000s] Level 1:colcon.colcon_core.package_identification:_identify(log) ignored
[-1790053903356768768.000s] Level 1:colcon.colcon_core.package_identification:_identify(src) by extensions ['ignore', 'ignore_ament_install']
[-1790053903356768768.000s] Level 1:colcon.colcon_core.package_identification:_identify(src) by extension 'ignore'
[-1790053903356768768.000s] Level 1:colcon.colcon_core.package_identification:_identify(src) by extension 'ignore_ament_install'
[-1790053903356768768.000s] Level 1:colcon.colcon_core.package_identification:_identify(src) by extensions ['colcon_pkg']
[-1790053903356768768.000s] Level 1:colcon.colcon_core.package_identification:_identify(src) by extension 'colcon_pkg'
[-1790053903356768768.000s] Level 1:colcon.colcon_core.package_identification:_identify(src) by extensions ['colcon_meta']
[-1790053903356768768.000s] Level 1:colcon.colcon_core.package_identification:_identify(src) by extension 'colcon_meta'
[-1790053903356768768.000s] Level 1:colcon.colcon_core.package_identification:_identify(src) by extensions ['ros']
[-1790053903356768768.000s] Level 1:colcon.colcon_core.package_identification:_identify(src) by extension 'ros'
[-1790053903356768768.000s] Level 1:colcon.colcon_core.package_identification:_identify(src) by extensions ['cmake', 'python']
[-1790053903356768768.000s] Level 1:colcon.colcon_core.package_identification:_identify(src) by extension 'cmake'
[-1790053903356768768.000s] Level 1:colcon.colcon_core.package_identification:_identify(src) by extension 'python'
[-1790053903356768768.000s] Level 1:colcon.colcon_core.package_identification:_identify(src) by extensions ['python_setup_py']
[-1790053903356768768.000s] Level 1:colcon.colcon_core.package_identification:_identify(src) by extension 'python_setup_py'
[-1790053903356768768.000s] Level 1:colcon.colcon_core.package_identification:_identify(src/dcu_vehicle_pkg) by extensions ['ignore', 'ignore_ament_install']
[-1790053903356768768.000s] Level 1:colcon.colcon_core.package_identification:_identify(src/dcu_vehicle_pkg) by extension 'ignore'
[-1790053903356768768.000s] Level 1:colcon.colcon_core.package_identification:_identify(src/dcu_vehicle_pkg) by extension 'ignore_ament_install'
[-1790053903356768768.000s] Level 1:colcon.colcon_core.package_identification:_identify(src/dcu_vehicle_pkg) by extensions ['colcon_pkg']
[-1790053903356768768.000s] Level 1:colcon.colcon_core.package_identification:_identify(src/dcu_vehicle_pkg) by extension 'colcon_pkg'
[-1790053903356768768.000s] Level 1:colcon.colcon_core.package_identification:_identify(src/dcu_vehicle_pkg) by extensions ['colcon_meta']
[-1790053903356768768.000s] Level 1:colcon.colcon_core.package_identification:_identify(src/dcu_vehicle_pkg) by extension 'colcon_meta'
[-1790053903356768768.000s] Level 1:colcon.colcon_core.package_identification:_identify(src/dcu_vehicle_pkg) by extensions ['ros']
[-1790053903356768768.000s] Level 1:colcon.colcon_core.package_identification:_identify(src/dcu_vehicle_pkg) by extension 'ros'
[-1790053903356768768.000s] DEBUG:colcon.colcon_core.package_identification:Package 'src/dcu_vehicle_pkg' with type 'ros.ament_python' and name 'my_vehicle_description'
[-1790053903356768768.000s] Level 1:colcon.colcon_core.package_identification:_identify(src/my_vehicle_gazebo) by extensions ['ignore', 'ignore_ament_install']
[-1790053903356768768.000s] Level 1:colcon.colcon_core.package_identification:_identify(src/my_vehicle_gazebo) by extension 'ignore'
[-1790053903356768768.000s] Level 1:colcon.colcon_core.package_identification:_identify(src/my_vehicle_gazebo) by extension 'ignore_ament_install'
[-1790053903356768768.000s] Level 1:colcon.colcon_core.package_identification:_identify(src/my_vehicle_gazebo) by extensions ['colcon_pkg']
[-1790053903356768768.000s] Level 1:colcon.colcon_core.package_identification:_identify(src/my_vehicle_gazebo) by extension 'colcon_pkg'
[-1790053903356768768.000s] Level 1:colcon.colcon_core.package_identification:_identify(src/my_vehicle_gazebo) by extensions ['colcon_meta']
[-1790053903356768768.000s] Level 1:colcon.colcon_core.package_identification:_identify(src/my_vehicle_gazebo) by extension 'colcon_meta'
[-1790053903356768768.000s] Level 1:colcon.colcon_core.package_identification:_identify(src/my_vehicle_gazebo) by extensions ['ros']
[-1790053903356768768.000s] Level 1:colcon.colcon_core.package_identification:_identify(src/my_vehicle_gazebo) by extension 'ros'
[-1790053903356768768.000s] DEBUG:colcon.colcon_core.package_identification:Package 'src/my_vehicle_gazebo' with type 'ros.ament_python' and name 'my_vehicle_gazebo'
[-1790053903356768768.000s] Level 1:colcon.colcon_core.package_discovery:discover_packages(recursive) using defaults
[-1790053903356768768.000s] Level 1:colcon.colcon_core.package_discovery:discover_packages(ignore) discover
[-1790053903356768768.000s] Level 1:colcon.colcon_core.package_discovery:discover_packages(ignore) using defaults
[-1790053903356768768.000s] Level 1:colcon.colcon_core.package_discovery:discover_packages(path) discover
[-1790053903356768768.000s] Level 1:colcon.colcon_core.package_discovery:discover_packages(path) using defaults
[-1790053903356768768.000s] Level 5:colcon.colcon_core.verb:set package 'my_vehicle_description' build argument 'cmake_args' from command line to 'None'
[-1790053903356768768.000s] Level 5:colcon.colcon_core.verb:set package 'my_vehicle_description' build argument 'cmake_target' from command line to 'None'
[-1790053903356768768.000s] Level 5:colcon.colcon_core.verb:set package 'my_vehicle_description' build argument 'cmake_target_skip_unavailable' from command line to 'False'
[-1790053903356768768.000s] Level 5:colcon.colcon_core.verb:set package 'my_vehicle_description' build argument 'cmake_clean_cache' from command line to 'False'
[-1790053903356768768.000s] Level 5:colcon.colcon_core.verb:set package 'my_vehicle_description' build argument 'cmake_clean_first' from command line to 'False'
[-1790053903356768768.000s] Level 5:colcon.colcon_core.verb:set package 'my_vehicle_description' build argument 'cmake_force_configure' from command line to 'False'
[-1790053903356768768.000s] Level 5:colcon.colcon_core.verb:set package 'my_vehicle_description' build argument 'ament_cmake_args' from command line to 'None'
[-1790053903356768768.000s] Level 5:colcon.colcon_core.verb:set package 'my_vehicle_description' build argument 'catkin_cmake_args' from command line to 'None'
[-1790053903356768768.000s] Level 5:colcon.colcon_core.verb:set package 'my_vehicle_description' build argument 'catkin_skip_building_tests' from command line to 'False'
[-1790053903356768768.000s] DEBUG:colcon.colcon_core.verb:Building package 'my_vehicle_description' with the following arguments: {'ament_cmake_args': None, 'build_base': '/home/osj/ros2_ws/build/my_vehicle_description', 'catkin_cmake_args': None, 'catkin_skip_building_tests': False, 'cmake_args': None, 'cmake_clean_cache': False, 'cmake_clean_first': False, 'cmake_force_configure': False, 'cmake_target': None, 'cmake_target_skip_unavailable': False, 'install_base': '/home/osj/ros2_ws/install/my_vehicle_description', 'merge_install': False, 'path': '/home/osj/ros2_ws/src/dcu_vehicle_pkg', 'symlink_install': False, 'test_result_base': None}
[-1790053903356768768.000s] Level 5:colcon.colcon_core.verb:set package 'my_vehicle_gazebo' build argument 'cmake_args' from command line to 'None'
[-1790053903356768768.000s] Level 5:colcon.colcon_core.verb:set package 'my_vehicle_gazebo' build argument 'cmake_target' from command line to 'None'
[-1790053903356768768.000s] Level 5:colcon.colcon_core.verb:set package 'my_vehicle_gazebo' build argument 'cmake_target_skip_unavailable' from command line to 'False'
[-1790053903356768768.000s] Level 5:colcon.colcon_core.verb:set package 'my_vehicle_gazebo' build argument 'cmake_clean_cache' from command line to 'False'
[-1790053903356768768.000s] Level 5:colcon.colcon_core.verb:set package 'my_vehicle_gazebo' build argument 'cmake_clean_first' from command line to 'False'
[-1790053903356768768.000s] Level 5:colcon.colcon_core.verb:set package 'my_vehicle_gazebo' build argument 'cmake_force_configure' from command line to 'False'
[-1790053903356768768.000s] Level 5:colcon.colcon_core.verb:set package 'my_vehicle_gazebo' build argument 'ament_cmake_args' from command line to 'None'
[-1790053903356768768.000s] Level 5:colcon.colcon_core.verb:set package 'my_vehicle_gazebo' build argument 'catkin_cmake_args' from command line to 'None'
[-1790053903356768768.000s] Level 5:colcon.colcon_core.verb:set package 'my_vehicle_gazebo' build argument 'catkin_skip_building_tests' from command line to 'False'
[-1790053903356768768.000s] DEBUG:colcon.colcon_core.verb:Building package 'my_vehicle_gazebo' with the following arguments: {'ament_cmake_args': None, 'build_base': '/home/osj/ros2_ws/build/my_vehicle_gazebo', 'catkin_cmake_args': None, 'catkin_skip_building_tests': False, 'cmake_args': None, 'cmake_clean_cache': False, 'cmake_clean_first': False, 'cmake_force_configure': False, 'cmake_target': None, 'cmake_target_skip_unavailable': False, 'install_base': '/home/osj/ros2_ws/install/my_vehicle_gazebo', 'merge_install': False, 'path': '/home/osj/ros2_ws/src/my_vehicle_gazebo', 'symlink_install': False, 'test_result_base': None}
[-1790053903356768768.000s] INFO:colcon.colcon_core.executor:Executing jobs using 'parallel' executor
[-1790053903356768768.000s] DEBUG:colcon.colcon_parallel_executor.executor.parallel:run_until_complete
[-1790053903356768768.000s] INFO:colcon.colcon_ros.task.ament_python.build:Building ROS package in '/home/osj/ros2_ws/src/dcu_vehicle_pkg' with build type 'ament_python'
[-1790053903356768768.000s] Level 1:colcon.colcon_core.shell:create_environment_hook('my_vehicle_description', 'ament_prefix_path')
[-1790053903356768768.000s] INFO:colcon.colcon_core.plugin_system:Skipping extension 'colcon_core.shell.bat': Not used on non-Windows systems
[-1790053903356768768.000s] INFO:colcon.colcon_core.shell:Creating environment descriptor '/home/osj/ros2_ws/install/my_vehicle_description/share/my_vehicle_description/hook/ament_prefix_path.dsv'
[-1790053903356768768.000s] INFO:colcon.colcon_core.shell:Creating environment hook '/home/osj/ros2_ws/install/my_vehicle_description/share/my_vehicle_description/hook/ament_prefix_path.sh'
[-1790053903356768768.000s] DEBUG:colcon.colcon_core.shell:Skip shell extension 'dsv' for command environment
[-1790053903356768768.000s] INFO:colcon.colcon_ros.task.ament_python.build:Building ROS package in '/home/osj/ros2_ws/src/my_vehicle_gazebo' with build type 'ament_python'
[-1790053903356768768.000s] Level 1:colcon.colcon_core.shell:create_environment_hook('my_vehicle_gazebo', 'ament_prefix_path')
[-1790053903356768768.000s] INFO:colcon.colcon_core.shell:Creating environment descriptor '/home/osj/ros2_ws/install/my_vehicle_gazebo/share/my_vehicle_gazebo/hook/ament_prefix_path.dsv'
[-1790053903356768768.000s] INFO:colcon.colcon_core.shell:Creating environment hook '/home/osj/ros2_ws/install/my_vehicle_gazebo/share/my_vehicle_gazebo/hook/ament_prefix_path.sh'
[-1790053903356768768.000s] DEBUG:colcon.colcon_core.shell:Skip shell extension 'dsv' for command environment
[-1790053903356768768.000s] WARNING:colcon.colcon_ros.task.ament_python.build:Package 'my_vehicle_description' doesn't explicitly install a marker in the package index (colcon-ros currently does it implicitly but that fallback will be removed in the future)
[-1790053903356768768.000s] INFO:colcon.colcon_core.task.python.build:Building Python package in '/home/osj/ros2_ws/src/dcu_vehicle_pkg'
[-1790053903356768768.000s] DEBUG:colcon.colcon_core.shell:Skip shell extension 'dsv' for command environment
[-1790053903356768768.000s] INFO:colcon.colcon_core.task.python.build:Building Python package in '/home/osj/ros2_ws/src/my_vehicle_gazebo'
[-1790053903356768768.000s] DEBUG:colcon.colcon_core.shell:Skip shell extension 'dsv' for command environment
[-1790053903356768768.000s] DEBUG:colcon.colcon_core.task.python.build:Available setuptools commands: extract_messages, sdist, install, install_egg_info, build_clib, bdist, easy_install, install_headers, bdist_egg, saveopts, update_catalog, build_py, compile_catalog, dist_info, install_lib, install_data, editable_wheel, setopt, init_catalog, egg_info, rotate, build_scripts, bdist_dumb, check, clean, build_ext, develop, symlink_data, bdist_wheel, install_scripts, build, alias, bdist_rpm
[-1790053903356768768.000s] DEBUG:colcon.colcon_core.event_handler.log_command:Invoking command in '/home/osj/ros2_ws/src/dcu_vehicle_pkg': PYTHONPATH=/home/osj/ros2_ws/build/my_vehicle_description/prefix_override:/usr/lib/python3/dist-packages/colcon_core/task/python/colcon_distutils_commands:/home/osj/ros2_ws/install/my_vehicle_description/lib/python3.14/site-packages:${PYTHONPATH} /usr/bin/python3 -W ignore:setup.py install is deprecated -W ignore:easy_install command is deprecated setup.py egg_info --egg-base ../../build/my_vehicle_description build --build-base /home/osj/ros2_ws/build/my_vehicle_description/build install --record /home/osj/ros2_ws/build/my_vehicle_description/install.log --install-scripts $base/lib/dcu_vehicle_pkg --single-version-externally-managed install_data
[-1790053903356768768.000s] DEBUG:colcon.colcon_core.task.python.build:Available setuptools commands: extract_messages, sdist, install, install_egg_info, build_clib, bdist, easy_install, install_headers, bdist_egg, saveopts, update_catalog, build_py, compile_catalog, dist_info, install_lib, install_data, editable_wheel, setopt, init_catalog, egg_info, rotate, build_scripts, bdist_dumb, check, clean, build_ext, develop, symlink_data, bdist_wheel, install_scripts, build, alias, bdist_rpm
[-1790053903356768768.000s] DEBUG:colcon.colcon_core.event_handler.log_command:Invoking command in '/home/osj/ros2_ws/src/my_vehicle_gazebo': PYTHONPATH=/home/osj/ros2_ws/build/my_vehicle_gazebo/prefix_override:/usr/lib/python3/dist-packages/colcon_core/task/python/colcon_distutils_commands:/home/osj/ros2_ws/install/my_vehicle_gazebo/lib/python3.14/site-packages:${PYTHONPATH} /usr/bin/python3 -W ignore:setup.py install is deprecated -W ignore:easy_install command is deprecated setup.py egg_info --egg-base ../../build/my_vehicle_gazebo build --build-base /home/osj/ros2_ws/build/my_vehicle_gazebo/build install --record /home/osj/ros2_ws/build/my_vehicle_gazebo/install.log --install-scripts $base/lib/my_vehicle_gazebo --single-version-externally-managed install_data
[-1790053903356768768.000s] DEBUG:colcon.colcon_core.event_handler.log_command:Invoked command in '/home/osj/ros2_ws/src/dcu_vehicle_pkg' returned '0': PYTHONPATH=/home/osj/ros2_ws/build/my_vehicle_description/prefix_override:/usr/lib/python3/dist-packages/colcon_core/task/python/colcon_distutils_commands:/home/osj/ros2_ws/install/my_vehicle_description/lib/python3.14/site-packages:${PYTHONPATH} /usr/bin/python3 -W ignore:setup.py install is deprecated -W ignore:easy_install command is deprecated setup.py egg_info --egg-base ../../build/my_vehicle_description build --build-base /home/osj/ros2_ws/build/my_vehicle_description/build install --record /home/osj/ros2_ws/build/my_vehicle_description/install.log --install-scripts $base/lib/dcu_vehicle_pkg --single-version-externally-managed install_data
[-1790053903356768768.000s] Level 1:colcon.colcon_core.environment:checking '/home/osj/ros2_ws/install/my_vehicle_description' for CMake module files
[-1790053903356768768.000s] Level 1:colcon.colcon_core.environment:checking '/home/osj/ros2_ws/install/my_vehicle_description' for CMake config files
[-1790053903356768768.000s] Level 1:colcon.colcon_core.environment:checking '/home/osj/ros2_ws/install/my_vehicle_description/lib'
[-1790053903356768768.000s] Level 1:colcon.colcon_core.environment:checking '/home/osj/ros2_ws/install/my_vehicle_description/bin'
[-1790053903356768768.000s] Level 1:colcon.colcon_core.environment:checking '/home/osj/ros2_ws/install/my_vehicle_description/lib/pkgconfig/my_vehicle_description.pc'
[-1790053903356768768.000s] Level 1:colcon.colcon_core.environment:checking '/home/osj/ros2_ws/install/my_vehicle_description/lib/python3.14/site-packages'
[-1790053903356768768.000s] Level 1:colcon.colcon_core.shell:create_environment_hook('my_vehicle_description', 'pythonpath')
[-1790053903356768768.000s] INFO:colcon.colcon_core.shell:Creating environment descriptor '/home/osj/ros2_ws/install/my_vehicle_description/share/my_vehicle_description/hook/pythonpath.dsv'
[-1790053903356768768.000s] INFO:colcon.colcon_core.shell:Creating environment hook '/home/osj/ros2_ws/install/my_vehicle_description/share/my_vehicle_description/hook/pythonpath.sh'
[-1790053903356768768.000s] Level 1:colcon.colcon_core.environment:checking '/home/osj/ros2_ws/install/my_vehicle_description/bin'
[-1790053903356768768.000s] Level 1:colcon.colcon_core.environment:create_environment_scripts_only(my_vehicle_description)
[-1790053903356768768.000s] INFO:colcon.colcon_core.shell:Creating package descriptor '/home/osj/ros2_ws/install/my_vehicle_description/share/my_vehicle_description/package.dsv'
[-1790053903356768768.000s] INFO:colcon.colcon_core.shell:Creating package script '/home/osj/ros2_ws/install/my_vehicle_description/share/my_vehicle_description/package.sh'
[-1790053903356768768.000s] INFO:colcon.colcon_core.shell:Creating package script '/home/osj/ros2_ws/install/my_vehicle_description/share/my_vehicle_description/package.bash'
[-1790053903356768768.000s] INFO:colcon.colcon_core.shell:Creating package script '/home/osj/ros2_ws/install/my_vehicle_description/share/my_vehicle_description/package.zsh'
[-1790053903356768768.000s] Level 1:colcon.colcon_core.environment:create_file_with_runtime_dependencies(/home/osj/ros2_ws/install/my_vehicle_description/share/colcon-core/packages/my_vehicle_description)
[-1790053903356768768.000s] Level 1:colcon.colcon_core.environment:checking '/home/osj/ros2_ws/install/my_vehicle_gazebo' for CMake module files
[-1790053903356768768.000s] DEBUG:colcon.colcon_core.event_handler.log_command:Invoked command in '/home/osj/ros2_ws/src/my_vehicle_gazebo' returned '0': PYTHONPATH=/home/osj/ros2_ws/build/my_vehicle_gazebo/prefix_override:/usr/lib/python3/dist-packages/colcon_core/task/python/colcon_distutils_commands:/home/osj/ros2_ws/install/my_vehicle_gazebo/lib/python3.14/site-packages:${PYTHONPATH} /usr/bin/python3 -W ignore:setup.py install is deprecated -W ignore:easy_install command is deprecated setup.py egg_info --egg-base ../../build/my_vehicle_gazebo build --build-base /home/osj/ros2_ws/build/my_vehicle_gazebo/build install --record /home/osj/ros2_ws/build/my_vehicle_gazebo/install.log --install-scripts $base/lib/my_vehicle_gazebo --single-version-externally-managed install_data
[-1790053903356768768.000s] Level 1:colcon.colcon_core.environment:checking '/home/osj/ros2_ws/install/my_vehicle_gazebo' for CMake config files
[-1790053903356768768.000s] Level 1:colcon.colcon_core.environment:checking '/home/osj/ros2_ws/install/my_vehicle_gazebo/lib'
[-1790053903356768768.000s] Level 1:colcon.colcon_core.environment:checking '/home/osj/ros2_ws/install/my_vehicle_gazebo/bin'
[-1790053903356768768.000s] Level 1:colcon.colcon_core.environment:checking '/home/osj/ros2_ws/install/my_vehicle_gazebo/lib/pkgconfig/my_vehicle_gazebo.pc'
[-1790053903356768768.000s] Level 1:colcon.colcon_core.environment:checking '/home/osj/ros2_ws/install/my_vehicle_gazebo/lib/python3.14/site-packages'
[-1790053903356768768.000s] Level 1:colcon.colcon_core.shell:create_environment_hook('my_vehicle_gazebo', 'pythonpath')
[-1790053903356768768.000s] INFO:colcon.colcon_core.shell:Creating environment descriptor '/home/osj/ros2_ws/install/my_vehicle_gazebo/share/my_vehicle_gazebo/hook/pythonpath.dsv'
[-1790053903356768768.000s] INFO:colcon.colcon_core.shell:Creating environment hook '/home/osj/ros2_ws/install/my_vehicle_gazebo/share/my_vehicle_gazebo/hook/pythonpath.sh'
[-1790053903356768768.000s] Level 1:colcon.colcon_core.environment:checking '/home/osj/ros2_ws/install/my_vehicle_gazebo/bin'
[-1790053903356768768.000s] Level 1:colcon.colcon_core.environment:create_environment_scripts_only(my_vehicle_gazebo)
[-1790053903356768768.000s] INFO:colcon.colcon_core.shell:Creating package descriptor '/home/osj/ros2_ws/install/my_vehicle_gazebo/share/my_vehicle_gazebo/package.dsv'
[-1790053903356768768.000s] INFO:colcon.colcon_core.shell:Creating package script '/home/osj/ros2_ws/install/my_vehicle_gazebo/share/my_vehicle_gazebo/package.sh'
[-1790053903356768768.000s] INFO:colcon.colcon_core.shell:Creating package script '/home/osj/ros2_ws/install/my_vehicle_gazebo/share/my_vehicle_gazebo/package.bash'
[-1790053903356768768.000s] INFO:colcon.colcon_core.shell:Creating package script '/home/osj/ros2_ws/install/my_vehicle_gazebo/share/my_vehicle_gazebo/package.zsh'
[-1790053903356768768.000s] Level 1:colcon.colcon_core.environment:create_file_with_runtime_dependencies(/home/osj/ros2_ws/install/my_vehicle_gazebo/share/colcon-core/packages/my_vehicle_gazebo)
[-1790053903356768768.000s] DEBUG:colcon.colcon_parallel_executor.executor.parallel:closing loop
[-1790053903356768768.000s] DEBUG:colcon.colcon_parallel_executor.executor.parallel:loop closed
[-1790053903356768768.000s] DEBUG:colcon.colcon_parallel_executor.executor.parallel:run_until_complete finished with '0'
[-1790053903356768768.000s] DEBUG:colcon.colcon_core.event_reactor:joining thread
[-1790053903356768768.000s] INFO:colcon.colcon_core.plugin_system:Skipping extension 'colcon_notification.desktop_notification.notify_send': Could not find 'notify-send'
[-1790053903356768768.000s] INFO:colcon.colcon_core.plugin_system:Skipping extension 'colcon_notification.desktop_notification.terminal_notifier': Not used on non-Darwin systems
[-1790053903356768768.000s] INFO:colcon.colcon_core.plugin_system:Skipping extension 'colcon_notification.desktop_notification.win32': Not used on non-Windows systems
[-1790053903356768768.000s] INFO:colcon.colcon_notification.desktop_notification:Sending desktop notification using 'notify2'
[-1790053903356768768.000s] DEBUG:colcon.colcon_notification.desktop_notification.notify2:Failed to initialize notify2: org.freedesktop.DBus.Error.ServiceUnknown: The name org.freedesktop.Notifications was not provided by any .service files
[-1790053903356768768.000s] DEBUG:colcon.colcon_core.event_reactor:joined thread
[-1790053903356768768.000s] INFO:colcon.colcon_core.shell:Creating prefix script '/home/osj/ros2_ws/install/local_setup.sh'
[-1790053903356768768.000s] INFO:colcon.colcon_core.shell:Creating prefix util module '/home/osj/ros2_ws/install/_local_setup_util_sh.py'
[-1790053903356768768.000s] INFO:colcon.colcon_core.shell:Creating prefix chain script '/home/osj/ros2_ws/install/setup.sh'
[-1790053903356768768.000s] INFO:colcon.colcon_core.shell:Creating prefix script '/home/osj/ros2_ws/install/local_setup.bash'
[-1790053903356768768.000s] INFO:colcon.colcon_core.shell:Creating prefix chain script '/home/osj/ros2_ws/install/setup.bash'
[-1790053903356768768.000s] INFO:colcon.colcon_core.shell:Creating prefix script '/home/osj/ros2_ws/install/local_setup.zsh'
[-1790053903356768768.000s] INFO:colcon.colcon_core.shell:Creating prefix chain script '/home/osj/ros2_ws/install/setup.zsh'
