running egg_info
creating ../../build/my_vehicle_description/my_vehicle_description.egg-info
writing ../../build/my_vehicle_description/my_vehicle_description.egg-info/PKG-INFO
writing dependency_links to ../../build/my_vehicle_description/my_vehicle_description.egg-info/dependency_links.txt
writing requirements to ../../build/my_vehicle_description/my_vehicle_description.egg-info/requires.txt
writing top-level names to ../../build/my_vehicle_description/my_vehicle_description.egg-info/top_level.txt
writing manifest file '../../build/my_vehicle_description/my_vehicle_description.egg-info/SOURCES.txt'
reading manifest file '../../build/my_vehicle_description/my_vehicle_description.egg-info/SOURCES.txt'
writing manifest file '../../build/my_vehicle_description/my_vehicle_description.egg-info/SOURCES.txt'
running build
running install
running install_data
copying package.xml -> /home/osj/ros2_ws/install/my_vehicle_description/share/my_vehicle_description
creating /home/osj/ros2_ws/install/my_vehicle_description/share/my_vehicle_description/launch
copying launch/display.launch.py -> /home/osj/ros2_ws/install/my_vehicle_description/share/my_vehicle_description/launch
creating /home/osj/ros2_ws/install/my_vehicle_description/share/my_vehicle_description/urdf
copying urdf/wheel_macro.xacro -> /home/osj/ros2_ws/install/my_vehicle_description/share/my_vehicle_description/urdf
copying urdf/vehicle.urdf.xacro -> /home/osj/ros2_ws/install/my_vehicle_description/share/my_vehicle_description/urdf
running install_egg_info
Copying ../../build/my_vehicle_description/my_vehicle_description.egg-info to /home/osj/ros2_ws/install/my_vehicle_description/lib/python3.14/site-packages/my_vehicle_description-0.1.0-py3.14.egg-info
running install_scripts
writing list of installed files to '/home/osj/ros2_ws/build/my_vehicle_description/install.log'
