[1.804s] Invoking command in '/home/osj/ros2_ws/src/dcu_vehicle_pkg': PYTHONPATH=/home/osj/ros2_ws/build/my_vehicle_description/prefix_override:/usr/lib/python3/dist-packages/colcon_core/task/python/colcon_distutils_commands:/home/osj/ros2_ws/install/my_vehicle_description/lib/python3.14/site-packages:${PYTHONPATH} /usr/bin/python3 -W ignore:setup.py install is deprecated -W ignore:easy_install command is deprecated setup.py egg_info --egg-base ../../build/my_vehicle_description build --build-base /home/osj/ros2_ws/build/my_vehicle_description/build install --record /home/osj/ros2_ws/build/my_vehicle_description/install.log --install-scripts $base/lib/dcu_vehicle_pkg --single-version-externally-managed install_data
[2.017s] /usr/lib/python3/dist-packages/setuptools/_distutils/dist.py:289: UserWarning: Unknown distribution option: 'tests_require'
[2.017s]   warnings.warn(msg)
[2.158s] running egg_info
[2.174s] writing ../../build/my_vehicle_description/my_vehicle_description.egg-info/PKG-INFO
[2.175s] writing dependency_links to ../../build/my_vehicle_description/my_vehicle_description.egg-info/dependency_links.txt
[2.176s] writing requirements to ../../build/my_vehicle_description/my_vehicle_description.egg-info/requires.txt
[2.176s] writing top-level names to ../../build/my_vehicle_description/my_vehicle_description.egg-info/top_level.txt
[2.206s] reading manifest file '../../build/my_vehicle_description/my_vehicle_description.egg-info/SOURCES.txt'
[2.210s] writing manifest file '../../build/my_vehicle_description/my_vehicle_description.egg-info/SOURCES.txt'
[2.210s] running build
[2.211s] running install
[2.215s] running install_data
[2.216s] copying package.xml -> /home/osj/ros2_ws/install/my_vehicle_description/share/my_vehicle_description
[2.217s] copying launch/display.launch.py -> /home/osj/ros2_ws/install/my_vehicle_description/share/my_vehicle_description/launch
[2.218s] copying urdf/wheel_macro.xacro -> /home/osj/ros2_ws/install/my_vehicle_description/share/my_vehicle_description/urdf
[2.219s] copying urdf/vehicle.urdf.xacro -> /home/osj/ros2_ws/install/my_vehicle_description/share/my_vehicle_description/urdf
[2.220s] running install_egg_info
[2.262s] removing '/home/osj/ros2_ws/install/my_vehicle_description/lib/python3.14/site-packages/my_vehicle_description-0.1.0-py3.14.egg-info' (and everything under it)
[2.262s] Copying ../../build/my_vehicle_description/my_vehicle_description.egg-info to /home/osj/ros2_ws/install/my_vehicle_description/lib/python3.14/site-packages/my_vehicle_description-0.1.0-py3.14.egg-info
[2.264s] running install_scripts
[2.365s] writing list of installed files to '/home/osj/ros2_ws/build/my_vehicle_description/install.log'
[2.454s] Invoked command in '/home/osj/ros2_ws/src/dcu_vehicle_pkg' returned '0': PYTHONPATH=/home/osj/ros2_ws/build/my_vehicle_description/prefix_override:/usr/lib/python3/dist-packages/colcon_core/task/python/colcon_distutils_commands:/home/osj/ros2_ws/install/my_vehicle_description/lib/python3.14/site-packages:${PYTHONPATH} /usr/bin/python3 -W ignore:setup.py install is deprecated -W ignore:easy_install command is deprecated setup.py egg_info --egg-base ../../build/my_vehicle_description build --build-base /home/osj/ros2_ws/build/my_vehicle_description/build install --record /home/osj/ros2_ws/build/my_vehicle_description/install.log --install-scripts $base/lib/dcu_vehicle_pkg --single-version-externally-managed install_data
