[1.547s] Invoking command in '/home/osj/ros2_ws/src/dcu_vehicle_pkg': PYTHONPATH=/home/osj/ros2_ws/build/my_vehicle_description/prefix_override:/usr/lib/python3/dist-packages/colcon_core/task/python/colcon_distutils_commands:/home/osj/ros2_ws/install/my_vehicle_description/lib/python3.14/site-packages:${PYTHONPATH} /usr/bin/python3 -W ignore:setup.py install is deprecated -W ignore:easy_install command is deprecated setup.py egg_info --egg-base ../../build/my_vehicle_description build --build-base /home/osj/ros2_ws/build/my_vehicle_description/build install --record /home/osj/ros2_ws/build/my_vehicle_description/install.log --install-scripts $base/lib/dcu_vehicle_pkg --single-version-externally-managed install_data
[1.766s] /usr/lib/python3/dist-packages/setuptools/_distutils/dist.py:289: UserWarning: Unknown distribution option: 'tests_require'
[1.766s]   warnings.warn(msg)
[1.927s] running egg_info
[1.956s] writing ../../build/my_vehicle_description/my_vehicle_description.egg-info/PKG-INFO
[1.957s] writing dependency_links to ../../build/my_vehicle_description/my_vehicle_description.egg-info/dependency_links.txt
[1.958s] writing requirements to ../../build/my_vehicle_description/my_vehicle_description.egg-info/requires.txt
[1.958s] writing top-level names to ../../build/my_vehicle_description/my_vehicle_description.egg-info/top_level.txt
[1.992s] reading manifest file '../../build/my_vehicle_description/my_vehicle_description.egg-info/SOURCES.txt'
[1.994s] writing manifest file '../../build/my_vehicle_description/my_vehicle_description.egg-info/SOURCES.txt'
[1.995s] running build
[1.995s] running install
[2.003s] running install_data
[2.003s] copying package.xml -> /home/osj/ros2_ws/install/my_vehicle_description/share/my_vehicle_description
[2.004s] copying launch/display.launch.py -> /home/osj/ros2_ws/install/my_vehicle_description/share/my_vehicle_description/launch
[2.005s] copying urdf/wheel_macro.xacro -> /home/osj/ros2_ws/install/my_vehicle_description/share/my_vehicle_description/urdf
[2.005s] copying urdf/vehicle.urdf.xacro -> /home/osj/ros2_ws/install/my_vehicle_description/share/my_vehicle_description/urdf
[2.005s] running install_egg_info
[2.057s] removing '/home/osj/ros2_ws/install/my_vehicle_description/lib/python3.14/site-packages/my_vehicle_description-0.1.0-py3.14.egg-info' (and everything under it)
[2.058s] Copying ../../build/my_vehicle_description/my_vehicle_description.egg-info to /home/osj/ros2_ws/install/my_vehicle_description/lib/python3.14/site-packages/my_vehicle_description-0.1.0-py3.14.egg-info
[2.059s] running install_scripts
[2.179s] writing list of installed files to '/home/osj/ros2_ws/build/my_vehicle_description/install.log'
[2.244s] Invoked command in '/home/osj/ros2_ws/src/dcu_vehicle_pkg' returned '0': PYTHONPATH=/home/osj/ros2_ws/build/my_vehicle_description/prefix_override:/usr/lib/python3/dist-packages/colcon_core/task/python/colcon_distutils_commands:/home/osj/ros2_ws/install/my_vehicle_description/lib/python3.14/site-packages:${PYTHONPATH} /usr/bin/python3 -W ignore:setup.py install is deprecated -W ignore:easy_install command is deprecated setup.py egg_info --egg-base ../../build/my_vehicle_description build --build-base /home/osj/ros2_ws/build/my_vehicle_description/build install --record /home/osj/ros2_ws/build/my_vehicle_description/install.log --install-scripts $base/lib/dcu_vehicle_pkg --single-version-externally-managed install_data
