[1.818s] Invoking command in '/home/osj/ros2_ws/src/my_vehicle_gazebo': PYTHONPATH=/home/osj/ros2_ws/build/my_vehicle_gazebo/prefix_override:/usr/lib/python3/dist-packages/colcon_core/task/python/colcon_distutils_commands:/home/osj/ros2_ws/install/my_vehicle_gazebo/lib/python3.14/site-packages:${PYTHONPATH} /usr/bin/python3 -W ignore:setup.py install is deprecated -W ignore:easy_install command is deprecated setup.py egg_info --egg-base ../../build/my_vehicle_gazebo build --build-base /home/osj/ros2_ws/build/my_vehicle_gazebo/build install --record /home/osj/ros2_ws/build/my_vehicle_gazebo/install.log --install-scripts $base/lib/my_vehicle_gazebo --single-version-externally-managed install_data
[2.023s] /usr/lib/python3/dist-packages/setuptools/_distutils/dist.py:289: UserWarning: Unknown distribution option: 'tests_require'
[2.023s]   warnings.warn(msg)
[2.140s] running egg_info
[2.165s] creating ../../build/my_vehicle_gazebo/my_vehicle_gazebo.egg-info
[2.166s] writing ../../build/my_vehicle_gazebo/my_vehicle_gazebo.egg-info/PKG-INFO
[2.167s] writing dependency_links to ../../build/my_vehicle_gazebo/my_vehicle_gazebo.egg-info/dependency_links.txt
[2.168s] writing requirements to ../../build/my_vehicle_gazebo/my_vehicle_gazebo.egg-info/requires.txt
[2.168s] writing top-level names to ../../build/my_vehicle_gazebo/my_vehicle_gazebo.egg-info/top_level.txt
[2.168s] writing manifest file '../../build/my_vehicle_gazebo/my_vehicle_gazebo.egg-info/SOURCES.txt'
[2.233s] reading manifest file '../../build/my_vehicle_gazebo/my_vehicle_gazebo.egg-info/SOURCES.txt'
[2.235s] writing manifest file '../../build/my_vehicle_gazebo/my_vehicle_gazebo.egg-info/SOURCES.txt'
[2.235s] running build
[2.235s] running build_py
[2.235s] creating /home/osj/ros2_ws/build/my_vehicle_gazebo/build/lib/my_vehicle_gazebo
[2.237s] copying my_vehicle_gazebo/__init__.py -> /home/osj/ros2_ws/build/my_vehicle_gazebo/build/lib/my_vehicle_gazebo
[2.237s] copying my_vehicle_gazebo/py.typed -> /home/osj/ros2_ws/build/my_vehicle_gazebo/build/lib/my_vehicle_gazebo
[2.238s] running install
[2.246s] running install_lib
[2.269s] creating /home/osj/ros2_ws/install/my_vehicle_gazebo/lib/python3.14/site-packages/my_vehicle_gazebo
[2.269s] copying /home/osj/ros2_ws/build/my_vehicle_gazebo/build/lib/my_vehicle_gazebo/py.typed -> /home/osj/ros2_ws/install/my_vehicle_gazebo/lib/python3.14/site-packages/my_vehicle_gazebo
[2.269s] copying /home/osj/ros2_ws/build/my_vehicle_gazebo/build/lib/my_vehicle_gazebo/__init__.py -> /home/osj/ros2_ws/install/my_vehicle_gazebo/lib/python3.14/site-packages/my_vehicle_gazebo
[2.269s] byte-compiling /home/osj/ros2_ws/install/my_vehicle_gazebo/lib/python3.14/site-packages/my_vehicle_gazebo/__init__.py to __init__.cpython-314.pyc
[2.271s] running install_data
[2.272s] creating /home/osj/ros2_ws/install/my_vehicle_gazebo/share/ament_index/resource_index/packages
[2.272s] copying resource/my_vehicle_gazebo -> /home/osj/ros2_ws/install/my_vehicle_gazebo/share/ament_index/resource_index/packages
[2.272s] copying package.xml -> /home/osj/ros2_ws/install/my_vehicle_gazebo/share/my_vehicle_gazebo
[2.273s] creating /home/osj/ros2_ws/install/my_vehicle_gazebo/share/my_vehicle_gazebo/launch
[2.273s] copying launch/spawn_car.launch.py -> /home/osj/ros2_ws/install/my_vehicle_gazebo/share/my_vehicle_gazebo/launch
[2.274s] creating /home/osj/ros2_ws/install/my_vehicle_gazebo/share/my_vehicle_gazebo/worlds
[2.275s] copying worlds/car_track.sdf -> /home/osj/ros2_ws/install/my_vehicle_gazebo/share/my_vehicle_gazebo/worlds
[2.276s] creating /home/osj/ros2_ws/install/my_vehicle_gazebo/share/my_vehicle_gazebo/config
[2.276s] copying config/bridge.yaml -> /home/osj/ros2_ws/install/my_vehicle_gazebo/share/my_vehicle_gazebo/config
[2.277s] running install_egg_info
[2.303s] Copying ../../build/my_vehicle_gazebo/my_vehicle_gazebo.egg-info to /home/osj/ros2_ws/install/my_vehicle_gazebo/lib/python3.14/site-packages/my_vehicle_gazebo-0.1.0-py3.14.egg-info
[2.309s] running install_scripts
[2.438s] writing list of installed files to '/home/osj/ros2_ws/build/my_vehicle_gazebo/install.log'
[2.513s] Invoked command in '/home/osj/ros2_ws/src/my_vehicle_gazebo' returned '0': PYTHONPATH=/home/osj/ros2_ws/build/my_vehicle_gazebo/prefix_override:/usr/lib/python3/dist-packages/colcon_core/task/python/colcon_distutils_commands:/home/osj/ros2_ws/install/my_vehicle_gazebo/lib/python3.14/site-packages:${PYTHONPATH} /usr/bin/python3 -W ignore:setup.py install is deprecated -W ignore:easy_install command is deprecated setup.py egg_info --egg-base ../../build/my_vehicle_gazebo build --build-base /home/osj/ros2_ws/build/my_vehicle_gazebo/build install --record /home/osj/ros2_ws/build/my_vehicle_gazebo/install.log --install-scripts $base/lib/my_vehicle_gazebo --single-version-externally-managed install_data
